../Core/Src/actuator_user_defined.c:43:6:ACTUATOR_PWM_MODE_INIT	24	static
../Core/Src/actuator_user_defined.c:56:6:ACTUATOR_PWM_MODE_START	16	static
../Core/Src/actuator_user_defined.c:84:6:ACTUATOR_PWM_MODE_STOP	16	static
../Core/Src/actuator_user_defined.c:107:6:ACTUATOR_DISTANCE_MODE_INIT	24	static
../Core/Src/actuator_user_defined.c:115:6:ACTUATOR_DISTANCE_MODE	24	static
../Core/Src/actuator_user_defined.c:160:6:ACTUATOR_START	16	static
../Core/Src/actuator_user_defined.c:180:6:ACTUATOR_STOP	16	static
../Core/Src/actuator_user_defined.c:193:6:ACTUATOR_STOP_ALL	8	static
../Core/Src/actuator_user_defined.c:207:6:HAL_TIM_PeriodElapsedCallback	16	static
